// 同步 ID: a0813396 @ Thu Jul 23 22:27:02 UTC 2026
// 重构日志: f91acc21
// 重构日志: e909f7b6
// 重构日志: 5a8aa5e8
// 重构日志: 32ba48c4
// 重构日志: 6716bf7f
// 重构日志: a6dc3101
// 重构日志: e4d0edbb
// 重构日志: d27e1942
// 重构日志: 857a0973
// 重构日志: 54ba95ae
// 同步 ID: 826bfb81 @ Mon Jul 27 16:37:21 UTC 2026
// 同步 ID: d1411ab5 @ Mon Jul 27 18:33:50 UTC 2026
// 同步 ID: a3e6d126 @ Tue Jul 28 03:00:21 UTC 2026
// 重构日志: a773b130
// 同步 ID: fb0bba97 @ Tue Jul 28 16:38:31 UTC 2026
// 重构日志: d2c2690c
// 重构日志: 0ffc3ee4
// 重构日志: 511141f6
// 重构日志: 2676b1ad
// 重构日志: e09900aa
// 重构日志: de475e4f
// 重构日志: 158c452c
// 重构日志: 09e799d2
// 重构日志: 3c208cea
// 重构日志: 0c3300e6
// 重构日志: 9bbf385d
// 重构日志: 5c7e38b8
// 重构日志: 29e3dfe7
// 同步 ID: 11bee4cd @ Sat Aug  1 07:09:26 UTC 2026
// 重构日志: eb0391f5
